Archive member included because of file (symbol)

/Users/povol/pebble-dev/PebbleSDK-2.0.0/Pebble/lib/libpebble.a(tmpHP0PEBpebble.o)
                              src/simplicity.c.25.o (app_event_loop)

Allocating common symbols
Common symbol       size              file

mday                0x38              src/lylunar.c.25.o
ymonth              0x258             src/lylunar.c.25.o
yday                0x258             src/lylunar.c.25.o

Discarded input sections

 .text          0x0000000000000000        0x0 /Users/povol/pebble-dev/PebbleSDK-2.0.0/arm-cs-tools/bin/../lib/gcc/arm-none-eabi/4.7.2/thumb2/crti.o
 .bss           0x0000000000000000        0x0 /Users/povol/pebble-dev/PebbleSDK-2.0.0/arm-cs-tools/bin/../lib/gcc/arm-none-eabi/4.7.2/thumb2/crti.o
 .init          0x0000000000000000        0x4 /Users/povol/pebble-dev/PebbleSDK-2.0.0/arm-cs-tools/bin/../lib/gcc/arm-none-eabi/4.7.2/thumb2/crti.o
 .fini          0x0000000000000000        0x4 /Users/povol/pebble-dev/PebbleSDK-2.0.0/arm-cs-tools/bin/../lib/gcc/arm-none-eabi/4.7.2/thumb2/crti.o
 .text          0x0000000000000000       0xc8 /Users/povol/pebble-dev/PebbleSDK-2.0.0/arm-cs-tools/bin/../lib/gcc/arm-none-eabi/4.7.2/thumb2/crtbegin.o
 .bss           0x0000000000000000       0x1c /Users/povol/pebble-dev/PebbleSDK-2.0.0/arm-cs-tools/bin/../lib/gcc/arm-none-eabi/4.7.2/thumb2/crtbegin.o
 .init_array    0x0000000000000000        0x4 /Users/povol/pebble-dev/PebbleSDK-2.0.0/arm-cs-tools/bin/../lib/gcc/arm-none-eabi/4.7.2/thumb2/crtbegin.o
 .fini_array    0x0000000000000000        0x4 /Users/povol/pebble-dev/PebbleSDK-2.0.0/arm-cs-tools/bin/../lib/gcc/arm-none-eabi/4.7.2/thumb2/crtbegin.o
 .eh_frame      0x0000000000000000        0x0 /Users/povol/pebble-dev/PebbleSDK-2.0.0/arm-cs-tools/bin/../lib/gcc/arm-none-eabi/4.7.2/thumb2/crtbegin.o
 .jcr           0x0000000000000000        0x0 /Users/povol/pebble-dev/PebbleSDK-2.0.0/arm-cs-tools/bin/../lib/gcc/arm-none-eabi/4.7.2/thumb2/crtbegin.o
 .tm_clone_table
                0x0000000000000000        0x0 /Users/povol/pebble-dev/PebbleSDK-2.0.0/arm-cs-tools/bin/../lib/gcc/arm-none-eabi/4.7.2/thumb2/crtbegin.o
 .text          0x0000000000000000        0x0 src/lylunar.c.25.o
 .bss           0x0000000000000000        0x0 src/lylunar.c.25.o
 .text.Error    0x0000000000000000        0x2 src/lylunar.c.25.o
 .text.CmpDate  0x0000000000000000       0x14 src/lylunar.c.25.o
 .text          0x0000000000000000        0x0 src/simplicity.c.25.o
 .bss           0x0000000000000000        0x0 src/simplicity.c.25.o
 .text          0x0000000000000000        0x0 appinfo.auto.c.25.o
 .bss           0x0000000000000000        0x0 appinfo.auto.c.25.o
 .bss           0x0000000000000000        0x0 /Users/povol/pebble-dev/PebbleSDK-2.0.0/Pebble/lib/libpebble.a(tmpHP0PEBpebble.o)
 .text.accel_data_service_subscribe__deprecated
                0x0000000000000000        0xc /Users/povol/pebble-dev/PebbleSDK-2.0.0/Pebble/lib/libpebble.a(tmpHP0PEBpebble.o)
 .text.accel_data_service_unsubscribe
                0x0000000000000000        0xc /Users/povol/pebble-dev/PebbleSDK-2.0.0/Pebble/lib/libpebble.a(tmpHP0PEBpebble.o)
 .text.accel_service_peek
                0x0000000000000000        0xc /Users/povol/pebble-dev/PebbleSDK-2.0.0/Pebble/lib/libpebble.a(tmpHP0PEBpebble.o)
 .text.accel_service_set_samples_per_update
                0x0000000000000000        0xc /Users/povol/pebble-dev/PebbleSDK-2.0.0/Pebble/lib/libpebble.a(tmpHP0PEBpebble.o)
 .text.accel_service_set_sampling_rate
                0x0000000000000000        0xc /Users/povol/pebble-dev/PebbleSDK-2.0.0/Pebble/lib/libpebble.a(tmpHP0PEBpebble.o)
 .text.accel_tap_service_subscribe
                0x0000000000000000        0xc /Users/povol/pebble-dev/PebbleSDK-2.0.0/Pebble/lib/libpebble.a(tmpHP0PEBpebble.o)
 .text.accel_tap_service_unsubscribe
                0x0000000000000000        0xc /Users/povol/pebble-dev/PebbleSDK-2.0.0/Pebble/lib/libpebble.a(tmpHP0PEBpebble.o)
 .text.action_bar_layer_add_to_window
                0x0000000000000000        0xc /Users/povol/pebble-dev/PebbleSDK-2.0.0/Pebble/lib/libpebble.a(tmpHP0PEBpebble.o)
 .text.action_bar_layer_clear_icon
                0x0000000000000000        0xc /Users/povol/pebble-dev/PebbleSDK-2.0.0/Pebble/lib/libpebble.a(tmpHP0PEBpebble.o)
 .text.action_bar_layer_create
                0x0000000000000000        0xc /Users/povol/pebble-dev/PebbleSDK-2.0.0/Pebble/lib/libpebble.a(tmpHP0PEBpebble.o)
 .text.action_bar_layer_destroy
                0x0000000000000000        0xc /Users/povol/pebble-dev/PebbleSDK-2.0.0/Pebble/lib/libpebble.a(tmpHP0PEBpebble.o)
 .text.action_bar_layer_get_layer
                0x0000000000000000        0xc /Users/povol/pebble-dev/PebbleSDK-2.0.0/Pebble/lib/libpebble.a(tmpHP0PEBpebble.o)
 .text.action_bar_layer_remove_from_window
                0x0000000000000000        0xc /Users/povol/pebble-dev/PebbleSDK-2.0.0/Pebble/lib/libpebble.a(tmpHP0PEBpebble.o)
 .text.action_bar_layer_set_background_color
                0x0000000000000000        0xc /Users/povol/pebble-dev/PebbleSDK-2.0.0/Pebble/lib/libpebble.a(tmpHP0PEBpebble.o)
 .text.action_bar_layer_set_click_config_provider
                0x0000000000000000        0xc /Users/povol/pebble-dev/PebbleSDK-2.0.0/Pebble/lib/libpebble.a(tmpHP0PEBpebble.o)
 .text.action_bar_layer_set_context
                0x0000000000000000        0xc /Users/povol/pebble-dev/PebbleSDK-2.0.0/Pebble/lib/libpebble.a(tmpHP0PEBpebble.o)
 .text.action_bar_layer_set_icon
                0x0000000000000000        0xc /Users/povol/pebble-dev/PebbleSDK-2.0.0/Pebble/lib/libpebble.a(tmpHP0PEBpebble.o)
 .text.animation_create
                0x0000000000000000        0xc /Users/povol/pebble-dev/PebbleSDK-2.0.0/Pebble/lib/libpebble.a(tmpHP0PEBpebble.o)
 .text.animation_destroy
                0x0000000000000000        0xc /Users/povol/pebble-dev/PebbleSDK-2.0.0/Pebble/lib/libpebble.a(tmpHP0PEBpebble.o)
 .text.animation_get_context
                0x0000000000000000        0xc /Users/povol/pebble-dev/PebbleSDK-2.0.0/Pebble/lib/libpebble.a(tmpHP0PEBpebble.o)
 .text.animation_is_scheduled
                0x0000000000000000        0xc /Users/povol/pebble-dev/PebbleSDK-2.0.0/Pebble/lib/libpebble.a(tmpHP0PEBpebble.o)
 .text.animation_schedule
                0x0000000000000000        0xc /Users/povol/pebble-dev/PebbleSDK-2.0.0/Pebble/lib/libpebble.a(tmpHP0PEBpebble.o)
 .text.animation_set_curve
                0x0000000000000000        0xc /Users/povol/pebble-dev/PebbleSDK-2.0.0/Pebble/lib/libpebble.a(tmpHP0PEBpebble.o)
 .text.animation_set_delay
                0x0000000000000000        0xc /Users/povol/pebble-dev/PebbleSDK-2.0.0/Pebble/lib/libpebble.a(tmpHP0PEBpebble.o)
 .text.animation_set_duration
                0x0000000000000000        0xc /Users/povol/pebble-dev/PebbleSDK-2.0.0/Pebble/lib/libpebble.a(tmpHP0PEBpebble.o)
 .text.animation_set_handlers
                0x0000000000000000        0xc /Users/povol/pebble-dev/PebbleSDK-2.0.0/Pebble/lib/libpebble.a(tmpHP0PEBpebble.o)
 .text.animation_set_implementation
                0x0000000000000000        0xc /Users/povol/pebble-dev/PebbleSDK-2.0.0/Pebble/lib/libpebble.a(tmpHP0PEBpebble.o)
 .text.animation_unschedule
                0x0000000000000000        0xc /Users/povol/pebble-dev/PebbleSDK-2.0.0/Pebble/lib/libpebble.a(tmpHP0PEBpebble.o)
 .text.animation_unschedule_all
                0x0000000000000000        0xc /Users/povol/pebble-dev/PebbleSDK-2.0.0/Pebble/lib/libpebble.a(tmpHP0PEBpebble.o)
 .text.app_comm_get_sniff_interval
                0x0000000000000000        0xc /Users/povol/pebble-dev/PebbleSDK-2.0.0/Pebble/lib/libpebble.a(tmpHP0PEBpebble.o)
 .text.app_comm_set_sniff_interval
                0x0000000000000000        0xc /Users/povol/pebble-dev/PebbleSDK-2.0.0/Pebble/lib/libpebble.a(tmpHP0PEBpebble.o)
 .text.app_log  0x0000000000000000        0xc /Users/povol/pebble-dev/PebbleSDK-2.0.0/Pebble/lib/libpebble.a(tmpHP0PEBpebble.o)
 .text.app_message_deregister_callbacks
                0x0000000000000000        0xc /Users/povol/pebble-dev/PebbleSDK-2.0.0/Pebble/lib/libpebble.a(tmpHP0PEBpebble.o)
 .text.app_message_open
                0x0000000000000000        0xc /Users/povol/pebble-dev/PebbleSDK-2.0.0/Pebble/lib/libpebble.a(tmpHP0PEBpebble.o)
 .text.app_sync_deinit
                0x0000000000000000        0xc /Users/povol/pebble-dev/PebbleSDK-2.0.0/Pebble/lib/libpebble.a(tmpHP0PEBpebble.o)
 .text.app_sync_get
                0x0000000000000000        0xc /Users/povol/pebble-dev/PebbleSDK-2.0.0/Pebble/lib/libpebble.a(tmpHP0PEBpebble.o)
 .text.app_sync_init
                0x0000000000000000        0xc /Users/povol/pebble-dev/PebbleSDK-2.0.0/Pebble/lib/libpebble.a(tmpHP0PEBpebble.o)
 .text.app_sync_set
                0x0000000000000000        0xc /Users/povol/pebble-dev/PebbleSDK-2.0.0/Pebble/lib/libpebble.a(tmpHP0PEBpebble.o)
 .text.app_timer_cancel
                0x0000000000000000        0xc /Users/povol/pebble-dev/PebbleSDK-2.0.0/Pebble/lib/libpebble.a(tmpHP0PEBpebble.o)
 .text.app_timer_register
                0x0000000000000000        0xc /Users/povol/pebble-dev/PebbleSDK-2.0.0/Pebble/lib/libpebble.a(tmpHP0PEBpebble.o)
 .text.app_timer_reschedule
                0x0000000000000000        0xc /Users/povol/pebble-dev/PebbleSDK-2.0.0/Pebble/lib/libpebble.a(tmpHP0PEBpebble.o)
 .text.atan2_lookup
                0x0000000000000000        0xc /Users/povol/pebble-dev/PebbleSDK-2.0.0/Pebble/lib/libpebble.a(tmpHP0PEBpebble.o)
 .text.atoi     0x0000000000000000        0xc /Users/povol/pebble-dev/PebbleSDK-2.0.0/Pebble/lib/libpebble.a(tmpHP0PEBpebble.o)
 .text.atol     0x0000000000000000        0xc /Users/povol/pebble-dev/PebbleSDK-2.0.0/Pebble/lib/libpebble.a(tmpHP0PEBpebble.o)
 .text.battery_state_service_unsubscribe
                0x0000000000000000        0xc /Users/povol/pebble-dev/PebbleSDK-2.0.0/Pebble/lib/libpebble.a(tmpHP0PEBpebble.o)
 .text.bitmap_layer_destroy
                0x0000000000000000        0xc /Users/povol/pebble-dev/PebbleSDK-2.0.0/Pebble/lib/libpebble.a(tmpHP0PEBpebble.o)
 .text.bitmap_layer_set_alignment
                0x0000000000000000        0xc /Users/povol/pebble-dev/PebbleSDK-2.0.0/Pebble/lib/libpebble.a(tmpHP0PEBpebble.o)
 .text.bitmap_layer_set_background_color
                0x0000000000000000        0xc /Users/povol/pebble-dev/PebbleSDK-2.0.0/Pebble/lib/libpebble.a(tmpHP0PEBpebble.o)
 .text.bitmap_layer_set_compositing_mode
                0x0000000000000000        0xc /Users/povol/pebble-dev/PebbleSDK-2.0.0/Pebble/lib/libpebble.a(tmpHP0PEBpebble.o)
 .text.bluetooth_connection_service_unsubscribe
                0x0000000000000000        0xc /Users/povol/pebble-dev/PebbleSDK-2.0.0/Pebble/lib/libpebble.a(tmpHP0PEBpebble.o)
 .text.click_number_of_clicks_counted
                0x0000000000000000        0xc /Users/povol/pebble-dev/PebbleSDK-2.0.0/Pebble/lib/libpebble.a(tmpHP0PEBpebble.o)
 .text.click_recognizer_get_button_id
                0x0000000000000000        0xc /Users/povol/pebble-dev/PebbleSDK-2.0.0/Pebble/lib/libpebble.a(tmpHP0PEBpebble.o)
 .text.clock_copy_time_string
                0x0000000000000000        0xc /Users/povol/pebble-dev/PebbleSDK-2.0.0/Pebble/lib/libpebble.a(tmpHP0PEBpebble.o)
 .text.cos_lookup
                0x0000000000000000        0xc /Users/povol/pebble-dev/PebbleSDK-2.0.0/Pebble/lib/libpebble.a(tmpHP0PEBpebble.o)
 .text.data_logging_create
                0x0000000000000000        0xc /Users/povol/pebble-dev/PebbleSDK-2.0.0/Pebble/lib/libpebble.a(tmpHP0PEBpebble.o)
 .text.data_logging_finish
                0x0000000000000000        0xc /Users/povol/pebble-dev/PebbleSDK-2.0.0/Pebble/lib/libpebble.a(tmpHP0PEBpebble.o)
 .text.data_logging_log
                0x0000000000000000        0xc /Users/povol/pebble-dev/PebbleSDK-2.0.0/Pebble/lib/libpebble.a(tmpHP0PEBpebble.o)
 .text.dict_calc_buffer_size
                0x0000000000000000        0xc /Users/povol/pebble-dev/PebbleSDK-2.0.0/Pebble/lib/libpebble.a(tmpHP0PEBpebble.o)
 .text.dict_calc_buffer_size_from_tuplets
                0x0000000000000000        0xc /Users/povol/pebble-dev/PebbleSDK-2.0.0/Pebble/lib/libpebble.a(tmpHP0PEBpebble.o)
 .text.dict_find
                0x0000000000000000        0xc /Users/povol/pebble-dev/PebbleSDK-2.0.0/Pebble/lib/libpebble.a(tmpHP0PEBpebble.o)
 .text.dict_merge
                0x0000000000000000        0xc /Users/povol/pebble-dev/PebbleSDK-2.0.0/Pebble/lib/libpebble.a(tmpHP0PEBpebble.o)
 .text.dict_read_begin_from_buffer
                0x0000000000000000        0xc /Users/povol/pebble-dev/PebbleSDK-2.0.0/Pebble/lib/libpebble.a(tmpHP0PEBpebble.o)
 .text.dict_read_first
                0x0000000000000000        0xc /Users/povol/pebble-dev/PebbleSDK-2.0.0/Pebble/lib/libpebble.a(tmpHP0PEBpebble.o)
 .text.dict_read_next
                0x0000000000000000        0xc /Users/povol/pebble-dev/PebbleSDK-2.0.0/Pebble/lib/libpebble.a(tmpHP0PEBpebble.o)
 .text.dict_serialize_tuplets
                0x0000000000000000        0xc /Users/povol/pebble-dev/PebbleSDK-2.0.0/Pebble/lib/libpebble.a(tmpHP0PEBpebble.o)
 .text.dict_serialize_tuplets_to_buffer__deprecated
                0x0000000000000000        0xc /Users/povol/pebble-dev/PebbleSDK-2.0.0/Pebble/lib/libpebble.a(tmpHP0PEBpebble.o)
 .text.dict_serialize_tuplets_to_buffer_with_iter
                0x0000000000000000        0xc /Users/povol/pebble-dev/PebbleSDK-2.0.0/Pebble/lib/libpebble.a(tmpHP0PEBpebble.o)
 .text.dict_write_begin
                0x0000000000000000        0xc /Users/povol/pebble-dev/PebbleSDK-2.0.0/Pebble/lib/libpebble.a(tmpHP0PEBpebble.o)
 .text.dict_write_cstring
                0x0000000000000000        0xc /Users/povol/pebble-dev/PebbleSDK-2.0.0/Pebble/lib/libpebble.a(tmpHP0PEBpebble.o)
 .text.dict_write_data
                0x0000000000000000        0xc /Users/povol/pebble-dev/PebbleSDK-2.0.0/Pebble/lib/libpebble.a(tmpHP0PEBpebble.o)
 .text.dict_write_end
                0x0000000000000000        0xc /Users/povol/pebble-dev/PebbleSDK-2.0.0/Pebble/lib/libpebble.a(tmpHP0PEBpebble.o)
 .text.dict_write_int
                0x0000000000000000        0xc /Users/povol/pebble-dev/PebbleSDK-2.0.0/Pebble/lib/libpebble.a(tmpHP0PEBpebble.o)
 .text.dict_write_int16
                0x0000000000000000        0xc /Users/povol/pebble-dev/PebbleSDK-2.0.0/Pebble/lib/libpebble.a(tmpHP0PEBpebble.o)
 .text.dict_write_int32
                0x0000000000000000        0xc /Users/povol/pebble-dev/PebbleSDK-2.0.0/Pebble/lib/libpebble.a(tmpHP0PEBpebble.o)
 .text.dict_write_int8
                0x0000000000000000        0xc /Users/povol/pebble-dev/PebbleSDK-2.0.0/Pebble/lib/libpebble.a(tmpHP0PEBpebble.o)
 .text.dict_write_tuplet
                0x0000000000000000        0xc /Users/povol/pebble-dev/PebbleSDK-2.0.0/Pebble/lib/libpebble.a(tmpHP0PEBpebble.o)
 .text.dict_write_uint16
                0x0000000000000000        0xc /Users/povol/pebble-dev/PebbleSDK-2.0.0/Pebble/lib/libpebble.a(tmpHP0PEBpebble.o)
 .text.dict_write_uint32
                0x0000000000000000        0xc /Users/povol/pebble-dev/PebbleSDK-2.0.0/Pebble/lib/libpebble.a(tmpHP0PEBpebble.o)
 .text.dict_write_uint8
                0x0000000000000000        0xc /Users/povol/pebble-dev/PebbleSDK-2.0.0/Pebble/lib/libpebble.a(tmpHP0PEBpebble.o)
 .text.fonts_unload_custom_font
                0x0000000000000000        0xc /Users/povol/pebble-dev/PebbleSDK-2.0.0/Pebble/lib/libpebble.a(tmpHP0PEBpebble.o)
 .text.free     0x0000000000000000        0xc /Users/povol/pebble-dev/PebbleSDK-2.0.0/Pebble/lib/libpebble.a(tmpHP0PEBpebble.o)
 .text.gbitmap_create_as_sub_bitmap
                0x0000000000000000        0xc /Users/povol/pebble-dev/PebbleSDK-2.0.0/Pebble/lib/libpebble.a(tmpHP0PEBpebble.o)
 .text.gbitmap_create_with_data
                0x0000000000000000        0xc /Users/povol/pebble-dev/PebbleSDK-2.0.0/Pebble/lib/libpebble.a(tmpHP0PEBpebble.o)
 .text.gmtime   0x0000000000000000        0xc /Users/povol/pebble-dev/PebbleSDK-2.0.0/Pebble/lib/libpebble.a(tmpHP0PEBpebble.o)
 .text.gpath_create
                0x0000000000000000        0xc /Users/povol/pebble-dev/PebbleSDK-2.0.0/Pebble/lib/libpebble.a(tmpHP0PEBpebble.o)
 .text.gpath_destroy
                0x0000000000000000        0xc /Users/povol/pebble-dev/PebbleSDK-2.0.0/Pebble/lib/libpebble.a(tmpHP0PEBpebble.o)
 .text.gpath_draw_filled
                0x0000000000000000        0xc /Users/povol/pebble-dev/PebbleSDK-2.0.0/Pebble/lib/libpebble.a(tmpHP0PEBpebble.o)
 .text.gpath_draw_outline
                0x0000000000000000        0xc /Users/povol/pebble-dev/PebbleSDK-2.0.0/Pebble/lib/libpebble.a(tmpHP0PEBpebble.o)
 .text.gpath_move_to
                0x0000000000000000        0xc /Users/povol/pebble-dev/PebbleSDK-2.0.0/Pebble/lib/libpebble.a(tmpHP0PEBpebble.o)
 .text.gpath_rotate_to
                0x0000000000000000        0xc /Users/povol/pebble-dev/PebbleSDK-2.0.0/Pebble/lib/libpebble.a(tmpHP0PEBpebble.o)
 .text.gpoint_equal
                0x0000000000000000        0xc /Users/povol/pebble-dev/PebbleSDK-2.0.0/Pebble/lib/libpebble.a(tmpHP0PEBpebble.o)
 .text.graphics_context_set_compositing_mode
                0x0000000000000000        0xc /Users/povol/pebble-dev/PebbleSDK-2.0.0/Pebble/lib/libpebble.a(tmpHP0PEBpebble.o)
 .text.graphics_context_set_text_color
                0x0000000000000000        0xc /Users/povol/pebble-dev/PebbleSDK-2.0.0/Pebble/lib/libpebble.a(tmpHP0PEBpebble.o)
 .text.graphics_draw_bitmap_in_rect
                0x0000000000000000        0xc /Users/povol/pebble-dev/PebbleSDK-2.0.0/Pebble/lib/libpebble.a(tmpHP0PEBpebble.o)
 .text.graphics_draw_circle
                0x0000000000000000        0xc /Users/povol/pebble-dev/PebbleSDK-2.0.0/Pebble/lib/libpebble.a(tmpHP0PEBpebble.o)
 .text.graphics_draw_pixel
                0x0000000000000000        0xc /Users/povol/pebble-dev/PebbleSDK-2.0.0/Pebble/lib/libpebble.a(tmpHP0PEBpebble.o)
 .text.graphics_draw_round_rect
                0x0000000000000000        0xc /Users/povol/pebble-dev/PebbleSDK-2.0.0/Pebble/lib/libpebble.a(tmpHP0PEBpebble.o)
 .text.graphics_fill_circle
                0x0000000000000000        0xc /Users/povol/pebble-dev/PebbleSDK-2.0.0/Pebble/lib/libpebble.a(tmpHP0PEBpebble.o)
 .text.graphics_text_layout_get_max_used_size
                0x0000000000000000        0xc /Users/povol/pebble-dev/PebbleSDK-2.0.0/Pebble/lib/libpebble.a(tmpHP0PEBpebble.o)
 .text.grect_align
                0x0000000000000000        0xc /Users/povol/pebble-dev/PebbleSDK-2.0.0/Pebble/lib/libpebble.a(tmpHP0PEBpebble.o)
 .text.grect_center_point
                0x0000000000000000        0xc /Users/povol/pebble-dev/PebbleSDK-2.0.0/Pebble/lib/libpebble.a(tmpHP0PEBpebble.o)
 .text.grect_clip
                0x0000000000000000        0xc /Users/povol/pebble-dev/PebbleSDK-2.0.0/Pebble/lib/libpebble.a(tmpHP0PEBpebble.o)
 .text.grect_contains_point
                0x0000000000000000        0xc /Users/povol/pebble-dev/PebbleSDK-2.0.0/Pebble/lib/libpebble.a(tmpHP0PEBpebble.o)
 .text.grect_crop
                0x0000000000000000        0xc /Users/povol/pebble-dev/PebbleSDK-2.0.0/Pebble/lib/libpebble.a(tmpHP0PEBpebble.o)
 .text.grect_equal
                0x0000000000000000        0xc /Users/povol/pebble-dev/PebbleSDK-2.0.0/Pebble/lib/libpebble.a(tmpHP0PEBpebble.o)
 .text.grect_is_empty
                0x0000000000000000        0xc /Users/povol/pebble-dev/PebbleSDK-2.0.0/Pebble/lib/libpebble.a(tmpHP0PEBpebble.o)
 .text.grect_standardize
                0x0000000000000000        0xc /Users/povol/pebble-dev/PebbleSDK-2.0.0/Pebble/lib/libpebble.a(tmpHP0PEBpebble.o)
 .text.gsize_equal
                0x0000000000000000        0xc /Users/povol/pebble-dev/PebbleSDK-2.0.0/Pebble/lib/libpebble.a(tmpHP0PEBpebble.o)
 .text.inverter_layer_create
                0x0000000000000000        0xc /Users/povol/pebble-dev/PebbleSDK-2.0.0/Pebble/lib/libpebble.a(tmpHP0PEBpebble.o)
 .text.inverter_layer_destroy
                0x0000000000000000        0xc /Users/povol/pebble-dev/PebbleSDK-2.0.0/Pebble/lib/libpebble.a(tmpHP0PEBpebble.o)
 .text.inverter_layer_get_layer
                0x0000000000000000        0xc /Users/povol/pebble-dev/PebbleSDK-2.0.0/Pebble/lib/libpebble.a(tmpHP0PEBpebble.o)
 .text.layer_create_with_data
                0x0000000000000000        0xc /Users/povol/pebble-dev/PebbleSDK-2.0.0/Pebble/lib/libpebble.a(tmpHP0PEBpebble.o)
 .text.layer_destroy
                0x0000000000000000        0xc /Users/povol/pebble-dev/PebbleSDK-2.0.0/Pebble/lib/libpebble.a(tmpHP0PEBpebble.o)
 .text.layer_get_clips
                0x0000000000000000        0xc /Users/povol/pebble-dev/PebbleSDK-2.0.0/Pebble/lib/libpebble.a(tmpHP0PEBpebble.o)
 .text.layer_get_data
                0x0000000000000000        0xc /Users/povol/pebble-dev/PebbleSDK-2.0.0/Pebble/lib/libpebble.a(tmpHP0PEBpebble.o)
 .text.layer_get_frame
                0x0000000000000000        0xc /Users/povol/pebble-dev/PebbleSDK-2.0.0/Pebble/lib/libpebble.a(tmpHP0PEBpebble.o)
 .text.layer_get_hidden
                0x0000000000000000        0xc /Users/povol/pebble-dev/PebbleSDK-2.0.0/Pebble/lib/libpebble.a(tmpHP0PEBpebble.o)
 .text.layer_get_window
                0x0000000000000000        0xc /Users/povol/pebble-dev/PebbleSDK-2.0.0/Pebble/lib/libpebble.a(tmpHP0PEBpebble.o)
 .text.layer_insert_above_sibling
                0x0000000000000000        0xc /Users/povol/pebble-dev/PebbleSDK-2.0.0/Pebble/lib/libpebble.a(tmpHP0PEBpebble.o)
 .text.layer_insert_below_sibling
                0x0000000000000000        0xc /Users/povol/pebble-dev/PebbleSDK-2.0.0/Pebble/lib/libpebble.a(tmpHP0PEBpebble.o)
 .text.layer_remove_child_layers
                0x0000000000000000        0xc /Users/povol/pebble-dev/PebbleSDK-2.0.0/Pebble/lib/libpebble.a(tmpHP0PEBpebble.o)
 .text.layer_remove_from_parent
                0x0000000000000000        0xc /Users/povol/pebble-dev/PebbleSDK-2.0.0/Pebble/lib/libpebble.a(tmpHP0PEBpebble.o)
 .text.layer_set_bounds
                0x0000000000000000        0xc /Users/povol/pebble-dev/PebbleSDK-2.0.0/Pebble/lib/libpebble.a(tmpHP0PEBpebble.o)
 .text.layer_set_clips
                0x0000000000000000        0xc /Users/povol/pebble-dev/PebbleSDK-2.0.0/Pebble/lib/libpebble.a(tmpHP0PEBpebble.o)
 .text.layer_set_frame
                0x0000000000000000        0xc /Users/povol/pebble-dev/PebbleSDK-2.0.0/Pebble/lib/libpebble.a(tmpHP0PEBpebble.o)
 .text.layer_set_hidden
                0x0000000000000000        0xc /Users/povol/pebble-dev/PebbleSDK-2.0.0/Pebble/lib/libpebble.a(tmpHP0PEBpebble.o)
 .text.light_enable
                0x0000000000000000        0xc /Users/povol/pebble-dev/PebbleSDK-2.0.0/Pebble/lib/libpebble.a(tmpHP0PEBpebble.o)
 .text.light_enable_interaction
                0x0000000000000000        0xc /Users/povol/pebble-dev/PebbleSDK-2.0.0/Pebble/lib/libpebble.a(tmpHP0PEBpebble.o)
 .text.malloc   0x0000000000000000        0xc /Users/povol/pebble-dev/PebbleSDK-2.0.0/Pebble/lib/libpebble.a(tmpHP0PEBpebble.o)
 .text.memcpy   0x0000000000000000        0xc /Users/povol/pebble-dev/PebbleSDK-2.0.0/Pebble/lib/libpebble.a(tmpHP0PEBpebble.o)
 .text.memset   0x0000000000000000        0xc /Users/povol/pebble-dev/PebbleSDK-2.0.0/Pebble/lib/libpebble.a(tmpHP0PEBpebble.o)
 .text.menu_cell_basic_draw
                0x0000000000000000        0xc /Users/povol/pebble-dev/PebbleSDK-2.0.0/Pebble/lib/libpebble.a(tmpHP0PEBpebble.o)
 .text.menu_cell_basic_header_draw
                0x0000000000000000        0xc /Users/povol/pebble-dev/PebbleSDK-2.0.0/Pebble/lib/libpebble.a(tmpHP0PEBpebble.o)
 .text.menu_cell_title_draw
                0x0000000000000000        0xc /Users/povol/pebble-dev/PebbleSDK-2.0.0/Pebble/lib/libpebble.a(tmpHP0PEBpebble.o)
 .text.menu_index_compare
                0x0000000000000000        0xc /Users/povol/pebble-dev/PebbleSDK-2.0.0/Pebble/lib/libpebble.a(tmpHP0PEBpebble.o)
 .text.menu_layer_create
                0x0000000000000000        0xc /Users/povol/pebble-dev/PebbleSDK-2.0.0/Pebble/lib/libpebble.a(tmpHP0PEBpebble.o)
 .text.menu_layer_destroy
                0x0000000000000000        0xc /Users/povol/pebble-dev/PebbleSDK-2.0.0/Pebble/lib/libpebble.a(tmpHP0PEBpebble.o)
 .text.menu_layer_get_layer
                0x0000000000000000        0xc /Users/povol/pebble-dev/PebbleSDK-2.0.0/Pebble/lib/libpebble.a(tmpHP0PEBpebble.o)
 .text.menu_layer_get_scroll_layer
                0x0000000000000000        0xc /Users/povol/pebble-dev/PebbleSDK-2.0.0/Pebble/lib/libpebble.a(tmpHP0PEBpebble.o)
 .text.menu_layer_get_selected_index
                0x0000000000000000        0xc /Users/povol/pebble-dev/PebbleSDK-2.0.0/Pebble/lib/libpebble.a(tmpHP0PEBpebble.o)
 .text.menu_layer_reload_data
                0x0000000000000000        0xc /Users/povol/pebble-dev/PebbleSDK-2.0.0/Pebble/lib/libpebble.a(tmpHP0PEBpebble.o)
 .text.menu_layer_set_callbacks
                0x0000000000000000        0xc /Users/povol/pebble-dev/PebbleSDK-2.0.0/Pebble/lib/libpebble.a(tmpHP0PEBpebble.o)
 .text.menu_layer_set_click_config_onto_window
                0x0000000000000000        0xc /Users/povol/pebble-dev/PebbleSDK-2.0.0/Pebble/lib/libpebble.a(tmpHP0PEBpebble.o)
 .text.menu_layer_set_selected_index
                0x0000000000000000        0xc /Users/povol/pebble-dev/PebbleSDK-2.0.0/Pebble/lib/libpebble.a(tmpHP0PEBpebble.o)
 .text.menu_layer_set_selected_next
                0x0000000000000000        0xc /Users/povol/pebble-dev/PebbleSDK-2.0.0/Pebble/lib/libpebble.a(tmpHP0PEBpebble.o)
 .text.number_window_create
                0x0000000000000000        0xc /Users/povol/pebble-dev/PebbleSDK-2.0.0/Pebble/lib/libpebble.a(tmpHP0PEBpebble.o)
 .text.number_window_destroy
                0x0000000000000000        0xc /Users/povol/pebble-dev/PebbleSDK-2.0.0/Pebble/lib/libpebble.a(tmpHP0PEBpebble.o)
 .text.number_window_get_value
                0x0000000000000000        0xc /Users/povol/pebble-dev/PebbleSDK-2.0.0/Pebble/lib/libpebble.a(tmpHP0PEBpebble.o)
 .text.number_window_set_label
                0x0000000000000000        0xc /Users/povol/pebble-dev/PebbleSDK-2.0.0/Pebble/lib/libpebble.a(tmpHP0PEBpebble.o)
 .text.number_window_set_max
                0x0000000000000000        0xc /Users/povol/pebble-dev/PebbleSDK-2.0.0/Pebble/lib/libpebble.a(tmpHP0PEBpebble.o)
 .text.number_window_set_min
                0x0000000000000000        0xc /Users/povol/pebble-dev/PebbleSDK-2.0.0/Pebble/lib/libpebble.a(tmpHP0PEBpebble.o)
 .text.number_window_set_step_size
                0x0000000000000000        0xc /Users/povol/pebble-dev/PebbleSDK-2.0.0/Pebble/lib/libpebble.a(tmpHP0PEBpebble.o)
 .text.number_window_set_value
                0x0000000000000000        0xc /Users/povol/pebble-dev/PebbleSDK-2.0.0/Pebble/lib/libpebble.a(tmpHP0PEBpebble.o)
 .text.persist_delete
                0x0000000000000000        0xc /Users/povol/pebble-dev/PebbleSDK-2.0.0/Pebble/lib/libpebble.a(tmpHP0PEBpebble.o)
 .text.persist_exists
                0x0000000000000000        0xc /Users/povol/pebble-dev/PebbleSDK-2.0.0/Pebble/lib/libpebble.a(tmpHP0PEBpebble.o)
 .text.persist_get_size
                0x0000000000000000        0xc /Users/povol/pebble-dev/PebbleSDK-2.0.0/Pebble/lib/libpebble.a(tmpHP0PEBpebble.o)
 .text.persist_read_bool
                0x0000000000000000        0xc /Users/povol/pebble-dev/PebbleSDK-2.0.0/Pebble/lib/libpebble.a(tmpHP0PEBpebble.o)
 .text.persist_read_data__deprecated
                0x0000000000000000        0xc /Users/povol/pebble-dev/PebbleSDK-2.0.0/Pebble/lib/libpebble.a(tmpHP0PEBpebble.o)
 .text.persist_read_int
                0x0000000000000000        0xc /Users/povol/pebble-dev/PebbleSDK-2.0.0/Pebble/lib/libpebble.a(tmpHP0PEBpebble.o)
 .text.persist_read_string__deprecated
                0x0000000000000000        0xc /Users/povol/pebble-dev/PebbleSDK-2.0.0/Pebble/lib/libpebble.a(tmpHP0PEBpebble.o)
 .text.persist_write_bool
                0x0000000000000000        0xc /Users/povol/pebble-dev/PebbleSDK-2.0.0/Pebble/lib/libpebble.a(tmpHP0PEBpebble.o)
 .text.persist_write_data__deprecated
                0x0000000000000000        0xc /Users/povol/pebble-dev/PebbleSDK-2.0.0/Pebble/lib/libpebble.a(tmpHP0PEBpebble.o)
 .text.persist_write_int
                0x0000000000000000        0xc /Users/povol/pebble-dev/PebbleSDK-2.0.0/Pebble/lib/libpebble.a(tmpHP0PEBpebble.o)
 .text.persist_write_string
                0x0000000000000000        0xc /Users/povol/pebble-dev/PebbleSDK-2.0.0/Pebble/lib/libpebble.a(tmpHP0PEBpebble.o)
 .text.property_animation_create
                0x0000000000000000        0xc /Users/povol/pebble-dev/PebbleSDK-2.0.0/Pebble/lib/libpebble.a(tmpHP0PEBpebble.o)
 .text.property_animation_create_layer_frame
                0x0000000000000000        0xc /Users/povol/pebble-dev/PebbleSDK-2.0.0/Pebble/lib/libpebble.a(tmpHP0PEBpebble.o)
 .text.property_animation_destroy
                0x0000000000000000        0xc /Users/povol/pebble-dev/PebbleSDK-2.0.0/Pebble/lib/libpebble.a(tmpHP0PEBpebble.o)
 .text.property_animation_update_gpoint
                0x0000000000000000        0xc /Users/povol/pebble-dev/PebbleSDK-2.0.0/Pebble/lib/libpebble.a(tmpHP0PEBpebble.o)
 .text.property_animation_update_grect
                0x0000000000000000        0xc /Users/povol/pebble-dev/PebbleSDK-2.0.0/Pebble/lib/libpebble.a(tmpHP0PEBpebble.o)
 .text.property_animation_update_int16
                0x0000000000000000        0xc /Users/povol/pebble-dev/PebbleSDK-2.0.0/Pebble/lib/libpebble.a(tmpHP0PEBpebble.o)
 .text.psleep   0x0000000000000000        0xc /Users/povol/pebble-dev/PebbleSDK-2.0.0/Pebble/lib/libpebble.a(tmpHP0PEBpebble.o)
 .text.rand     0x0000000000000000        0xc /Users/povol/pebble-dev/PebbleSDK-2.0.0/Pebble/lib/libpebble.a(tmpHP0PEBpebble.o)
 .text.resource_load
                0x0000000000000000        0xc /Users/povol/pebble-dev/PebbleSDK-2.0.0/Pebble/lib/libpebble.a(tmpHP0PEBpebble.o)
 .text.resource_load_byte_range
                0x0000000000000000        0xc /Users/povol/pebble-dev/PebbleSDK-2.0.0/Pebble/lib/libpebble.a(tmpHP0PEBpebble.o)
 .text.resource_size
                0x0000000000000000        0xc /Users/povol/pebble-dev/PebbleSDK-2.0.0/Pebble/lib/libpebble.a(tmpHP0PEBpebble.o)
 .text.rot_bitmap_layer_create
                0x0000000000000000        0xc /Users/povol/pebble-dev/PebbleSDK-2.0.0/Pebble/lib/libpebble.a(tmpHP0PEBpebble.o)
 .text.rot_bitmap_layer_destroy
                0x0000000000000000        0xc /Users/povol/pebble-dev/PebbleSDK-2.0.0/Pebble/lib/libpebble.a(tmpHP0PEBpebble.o)
 .text.rot_bitmap_layer_increment_angle
                0x0000000000000000        0xc /Users/povol/pebble-dev/PebbleSDK-2.0.0/Pebble/lib/libpebble.a(tmpHP0PEBpebble.o)
 .text.rot_bitmap_layer_set_angle
                0x0000000000000000        0xc /Users/povol/pebble-dev/PebbleSDK-2.0.0/Pebble/lib/libpebble.a(tmpHP0PEBpebble.o)
 .text.rot_bitmap_layer_set_corner_clip_color
                0x0000000000000000        0xc /Users/povol/pebble-dev/PebbleSDK-2.0.0/Pebble/lib/libpebble.a(tmpHP0PEBpebble.o)
 .text.rot_bitmap_set_compositing_mode
                0x0000000000000000        0xc /Users/povol/pebble-dev/PebbleSDK-2.0.0/Pebble/lib/libpebble.a(tmpHP0PEBpebble.o)
 .text.rot_bitmap_set_src_ic
                0x0000000000000000        0xc /Users/povol/pebble-dev/PebbleSDK-2.0.0/Pebble/lib/libpebble.a(tmpHP0PEBpebble.o)
 .text.scroll_layer_add_child
                0x0000000000000000        0xc /Users/povol/pebble-dev/PebbleSDK-2.0.0/Pebble/lib/libpebble.a(tmpHP0PEBpebble.o)
 .text.scroll_layer_create
                0x0000000000000000        0xc /Users/povol/pebble-dev/PebbleSDK-2.0.0/Pebble/lib/libpebble.a(tmpHP0PEBpebble.o)
 .text.scroll_layer_destroy
                0x0000000000000000        0xc /Users/povol/pebble-dev/PebbleSDK-2.0.0/Pebble/lib/libpebble.a(tmpHP0PEBpebble.o)
 .text.scroll_layer_get_content_offset
                0x0000000000000000        0xc /Users/povol/pebble-dev/PebbleSDK-2.0.0/Pebble/lib/libpebble.a(tmpHP0PEBpebble.o)
 .text.scroll_layer_get_content_size
                0x0000000000000000        0xc /Users/povol/pebble-dev/PebbleSDK-2.0.0/Pebble/lib/libpebble.a(tmpHP0PEBpebble.o)
 .text.scroll_layer_get_layer
                0x0000000000000000        0xc /Users/povol/pebble-dev/PebbleSDK-2.0.0/Pebble/lib/libpebble.a(tmpHP0PEBpebble.o)
 .text.scroll_layer_get_shadow_hidden
                0x0000000000000000        0xc /Users/povol/pebble-dev/PebbleSDK-2.0.0/Pebble/lib/libpebble.a(tmpHP0PEBpebble.o)
 .text.scroll_layer_scroll_down_click_handler
                0x0000000000000000        0xc /Users/povol/pebble-dev/PebbleSDK-2.0.0/Pebble/lib/libpebble.a(tmpHP0PEBpebble.o)
 .text.scroll_layer_scroll_up_click_handler
                0x0000000000000000        0xc /Users/povol/pebble-dev/PebbleSDK-2.0.0/Pebble/lib/libpebble.a(tmpHP0PEBpebble.o)
 .text.scroll_layer_set_callbacks
                0x0000000000000000        0xc /Users/povol/pebble-dev/PebbleSDK-2.0.0/Pebble/lib/libpebble.a(tmpHP0PEBpebble.o)
 .text.scroll_layer_set_click_config_onto_window
                0x0000000000000000        0xc /Users/povol/pebble-dev/PebbleSDK-2.0.0/Pebble/lib/libpebble.a(tmpHP0PEBpebble.o)
 .text.scroll_layer_set_content_offset
                0x0000000000000000        0xc /Users/povol/pebble-dev/PebbleSDK-2.0.0/Pebble/lib/libpebble.a(tmpHP0PEBpebble.o)
 .text.scroll_layer_set_content_size
                0x0000000000000000        0xc /Users/povol/pebble-dev/PebbleSDK-2.0.0/Pebble/lib/libpebble.a(tmpHP0PEBpebble.o)
 .text.scroll_layer_set_context
                0x0000000000000000        0xc /Users/povol/pebble-dev/PebbleSDK-2.0.0/Pebble/lib/libpebble.a(tmpHP0PEBpebble.o)
 .text.scroll_layer_set_frame
                0x0000000000000000        0xc /Users/povol/pebble-dev/PebbleSDK-2.0.0/Pebble/lib/libpebble.a(tmpHP0PEBpebble.o)
 .text.scroll_layer_set_shadow_hidden
                0x0000000000000000        0xc /Users/povol/pebble-dev/PebbleSDK-2.0.0/Pebble/lib/libpebble.a(tmpHP0PEBpebble.o)
 .text.simple_menu_layer_create
                0x0000000000000000        0xc /Users/povol/pebble-dev/PebbleSDK-2.0.0/Pebble/lib/libpebble.a(tmpHP0PEBpebble.o)
 .text.simple_menu_layer_destroy
                0x0000000000000000        0xc /Users/povol/pebble-dev/PebbleSDK-2.0.0/Pebble/lib/libpebble.a(tmpHP0PEBpebble.o)
 .text.simple_menu_layer_get_layer
                0x0000000000000000        0xc /Users/povol/pebble-dev/PebbleSDK-2.0.0/Pebble/lib/libpebble.a(tmpHP0PEBpebble.o)
 .text.simple_menu_layer_get_selected_index
                0x0000000000000000        0xc /Users/povol/pebble-dev/PebbleSDK-2.0.0/Pebble/lib/libpebble.a(tmpHP0PEBpebble.o)
 .text.simple_menu_layer_set_selected_index
                0x0000000000000000        0xc /Users/povol/pebble-dev/PebbleSDK-2.0.0/Pebble/lib/libpebble.a(tmpHP0PEBpebble.o)
 .text.sin_lookup
                0x0000000000000000        0xc /Users/povol/pebble-dev/PebbleSDK-2.0.0/Pebble/lib/libpebble.a(tmpHP0PEBpebble.o)
 .text.srand    0x0000000000000000        0xc /Users/povol/pebble-dev/PebbleSDK-2.0.0/Pebble/lib/libpebble.a(tmpHP0PEBpebble.o)
 .text.strcat   0x0000000000000000        0xc /Users/povol/pebble-dev/PebbleSDK-2.0.0/Pebble/lib/libpebble.a(tmpHP0PEBpebble.o)
 .text.strcmp   0x0000000000000000        0xc /Users/povol/pebble-dev/PebbleSDK-2.0.0/Pebble/lib/libpebble.a(tmpHP0PEBpebble.o)
 .text.strcpy   0x0000000000000000        0xc /Users/povol/pebble-dev/PebbleSDK-2.0.0/Pebble/lib/libpebble.a(tmpHP0PEBpebble.o)
 .text.strlen   0x0000000000000000        0xc /Users/povol/pebble-dev/PebbleSDK-2.0.0/Pebble/lib/libpebble.a(tmpHP0PEBpebble.o)
 .text.strncat  0x0000000000000000        0xc /Users/povol/pebble-dev/PebbleSDK-2.0.0/Pebble/lib/libpebble.a(tmpHP0PEBpebble.o)
 .text.strncmp  0x0000000000000000        0xc /Users/povol/pebble-dev/PebbleSDK-2.0.0/Pebble/lib/libpebble.a(tmpHP0PEBpebble.o)
 .text.strncpy  0x0000000000000000        0xc /Users/povol/pebble-dev/PebbleSDK-2.0.0/Pebble/lib/libpebble.a(tmpHP0PEBpebble.o)
 .text.text_layer_destroy
                0x0000000000000000        0xc /Users/povol/pebble-dev/PebbleSDK-2.0.0/Pebble/lib/libpebble.a(tmpHP0PEBpebble.o)
 .text.text_layer_get_content_size
                0x0000000000000000        0xc /Users/povol/pebble-dev/PebbleSDK-2.0.0/Pebble/lib/libpebble.a(tmpHP0PEBpebble.o)
 .text.text_layer_get_text
                0x0000000000000000        0xc /Users/povol/pebble-dev/PebbleSDK-2.0.0/Pebble/lib/libpebble.a(tmpHP0PEBpebble.o)
 .text.text_layer_set_overflow_mode
                0x0000000000000000        0xc /Users/povol/pebble-dev/PebbleSDK-2.0.0/Pebble/lib/libpebble.a(tmpHP0PEBpebble.o)
 .text.text_layer_set_size
                0x0000000000000000        0xc /Users/povol/pebble-dev/PebbleSDK-2.0.0/Pebble/lib/libpebble.a(tmpHP0PEBpebble.o)
 .text.text_layer_set_text_alignment
                0x0000000000000000        0xc /Users/povol/pebble-dev/PebbleSDK-2.0.0/Pebble/lib/libpebble.a(tmpHP0PEBpebble.o)
 .text.time_ms  0x0000000000000000        0xc /Users/povol/pebble-dev/PebbleSDK-2.0.0/Pebble/lib/libpebble.a(tmpHP0PEBpebble.o)
 .text.vibes_cancel
                0x0000000000000000        0xc /Users/povol/pebble-dev/PebbleSDK-2.0.0/Pebble/lib/libpebble.a(tmpHP0PEBpebble.o)
 .text.vibes_double_pulse
                0x0000000000000000        0xc /Users/povol/pebble-dev/PebbleSDK-2.0.0/Pebble/lib/libpebble.a(tmpHP0PEBpebble.o)
 .text.vibes_enqueue_custom_pattern
                0x0000000000000000        0xc /Users/povol/pebble-dev/PebbleSDK-2.0.0/Pebble/lib/libpebble.a(tmpHP0PEBpebble.o)
 .text.vibes_long_pulse
                0x0000000000000000        0xc /Users/povol/pebble-dev/PebbleSDK-2.0.0/Pebble/lib/libpebble.a(tmpHP0PEBpebble.o)
 .text.vibes_short_pulse
                0x0000000000000000        0xc /Users/povol/pebble-dev/PebbleSDK-2.0.0/Pebble/lib/libpebble.a(tmpHP0PEBpebble.o)
 .text.window_destroy
                0x0000000000000000        0xc /Users/povol/pebble-dev/PebbleSDK-2.0.0/Pebble/lib/libpebble.a(tmpHP0PEBpebble.o)
 .text.window_get_click_config_provider
                0x0000000000000000        0xc /Users/povol/pebble-dev/PebbleSDK-2.0.0/Pebble/lib/libpebble.a(tmpHP0PEBpebble.o)
 .text.window_get_fullscreen
                0x0000000000000000        0xc /Users/povol/pebble-dev/PebbleSDK-2.0.0/Pebble/lib/libpebble.a(tmpHP0PEBpebble.o)
 .text.window_is_loaded
                0x0000000000000000        0xc /Users/povol/pebble-dev/PebbleSDK-2.0.0/Pebble/lib/libpebble.a(tmpHP0PEBpebble.o)
 .text.window_set_click_config_provider
                0x0000000000000000        0xc /Users/povol/pebble-dev/PebbleSDK-2.0.0/Pebble/lib/libpebble.a(tmpHP0PEBpebble.o)
 .text.window_set_click_config_provider_with_context
                0x0000000000000000        0xc /Users/povol/pebble-dev/PebbleSDK-2.0.0/Pebble/lib/libpebble.a(tmpHP0PEBpebble.o)
 .text.window_set_fullscreen
                0x0000000000000000        0xc /Users/povol/pebble-dev/PebbleSDK-2.0.0/Pebble/lib/libpebble.a(tmpHP0PEBpebble.o)
 .text.window_set_status_bar_icon
                0x0000000000000000        0xc /Users/povol/pebble-dev/PebbleSDK-2.0.0/Pebble/lib/libpebble.a(tmpHP0PEBpebble.o)
 .text.window_set_window_handlers
                0x0000000000000000        0xc /Users/povol/pebble-dev/PebbleSDK-2.0.0/Pebble/lib/libpebble.a(tmpHP0PEBpebble.o)
 .text.window_stack_contains_window
                0x0000000000000000        0xc /Users/povol/pebble-dev/PebbleSDK-2.0.0/Pebble/lib/libpebble.a(tmpHP0PEBpebble.o)
 .text.window_stack_get_top_window
                0x0000000000000000        0xc /Users/povol/pebble-dev/PebbleSDK-2.0.0/Pebble/lib/libpebble.a(tmpHP0PEBpebble.o)
 .text.window_stack_pop
                0x0000000000000000        0xc /Users/povol/pebble-dev/PebbleSDK-2.0.0/Pebble/lib/libpebble.a(tmpHP0PEBpebble.o)
 .text.window_stack_pop_all
                0x0000000000000000        0xc /Users/povol/pebble-dev/PebbleSDK-2.0.0/Pebble/lib/libpebble.a(tmpHP0PEBpebble.o)
 .text.window_stack_remove
                0x0000000000000000        0xc /Users/povol/pebble-dev/PebbleSDK-2.0.0/Pebble/lib/libpebble.a(tmpHP0PEBpebble.o)
 .text.app_focus_service_unsubscribe
                0x0000000000000000        0xc /Users/povol/pebble-dev/PebbleSDK-2.0.0/Pebble/lib/libpebble.a(tmpHP0PEBpebble.o)
 .text.window_get_user_data
                0x0000000000000000        0xc /Users/povol/pebble-dev/PebbleSDK-2.0.0/Pebble/lib/libpebble.a(tmpHP0PEBpebble.o)
 .text.window_set_user_data
                0x0000000000000000        0xc /Users/povol/pebble-dev/PebbleSDK-2.0.0/Pebble/lib/libpebble.a(tmpHP0PEBpebble.o)
 .text.app_message_get_context
                0x0000000000000000        0xc /Users/povol/pebble-dev/PebbleSDK-2.0.0/Pebble/lib/libpebble.a(tmpHP0PEBpebble.o)
 .text.app_message_inbox_size_maximum
                0x0000000000000000        0xc /Users/povol/pebble-dev/PebbleSDK-2.0.0/Pebble/lib/libpebble.a(tmpHP0PEBpebble.o)
 .text.app_message_outbox_begin
                0x0000000000000000        0xc /Users/povol/pebble-dev/PebbleSDK-2.0.0/Pebble/lib/libpebble.a(tmpHP0PEBpebble.o)
 .text.app_message_outbox_send
                0x0000000000000000        0xc /Users/povol/pebble-dev/PebbleSDK-2.0.0/Pebble/lib/libpebble.a(tmpHP0PEBpebble.o)
 .text.app_message_outbox_size_maximum
                0x0000000000000000        0xc /Users/povol/pebble-dev/PebbleSDK-2.0.0/Pebble/lib/libpebble.a(tmpHP0PEBpebble.o)
 .text.app_message_register_inbox_dropped
                0x0000000000000000        0xc /Users/povol/pebble-dev/PebbleSDK-2.0.0/Pebble/lib/libpebble.a(tmpHP0PEBpebble.o)
 .text.app_message_register_inbox_received
                0x0000000000000000        0xc /Users/povol/pebble-dev/PebbleSDK-2.0.0/Pebble/lib/libpebble.a(tmpHP0PEBpebble.o)
 .text.app_message_register_outbox_failed
                0x0000000000000000        0xc /Users/povol/pebble-dev/PebbleSDK-2.0.0/Pebble/lib/libpebble.a(tmpHP0PEBpebble.o)
 .text.app_message_register_outbox_sent
                0x0000000000000000        0xc /Users/povol/pebble-dev/PebbleSDK-2.0.0/Pebble/lib/libpebble.a(tmpHP0PEBpebble.o)
 .text.app_message_set_context
                0x0000000000000000        0xc /Users/povol/pebble-dev/PebbleSDK-2.0.0/Pebble/lib/libpebble.a(tmpHP0PEBpebble.o)
 .text.window_long_click_subscribe
                0x0000000000000000        0xc /Users/povol/pebble-dev/PebbleSDK-2.0.0/Pebble/lib/libpebble.a(tmpHP0PEBpebble.o)
 .text.window_multi_click_subscribe
                0x0000000000000000        0xc /Users/povol/pebble-dev/PebbleSDK-2.0.0/Pebble/lib/libpebble.a(tmpHP0PEBpebble.o)
 .text.window_raw_click_subscribe
                0x0000000000000000        0xc /Users/povol/pebble-dev/PebbleSDK-2.0.0/Pebble/lib/libpebble.a(tmpHP0PEBpebble.o)
 .text.window_set_click_context
                0x0000000000000000        0xc /Users/povol/pebble-dev/PebbleSDK-2.0.0/Pebble/lib/libpebble.a(tmpHP0PEBpebble.o)
 .text.window_single_click_subscribe
                0x0000000000000000        0xc /Users/povol/pebble-dev/PebbleSDK-2.0.0/Pebble/lib/libpebble.a(tmpHP0PEBpebble.o)
 .text.window_single_repeating_click_subscribe
                0x0000000000000000        0xc /Users/povol/pebble-dev/PebbleSDK-2.0.0/Pebble/lib/libpebble.a(tmpHP0PEBpebble.o)
 .text.graphics_draw_text
                0x0000000000000000        0xc /Users/povol/pebble-dev/PebbleSDK-2.0.0/Pebble/lib/libpebble.a(tmpHP0PEBpebble.o)
 .text.dict_serialize_tuplets_to_buffer
                0x0000000000000000        0xc /Users/povol/pebble-dev/PebbleSDK-2.0.0/Pebble/lib/libpebble.a(tmpHP0PEBpebble.o)
 .text.persist_read_data
                0x0000000000000000        0xc /Users/povol/pebble-dev/PebbleSDK-2.0.0/Pebble/lib/libpebble.a(tmpHP0PEBpebble.o)
 .text.persist_read_string
                0x0000000000000000        0xc /Users/povol/pebble-dev/PebbleSDK-2.0.0/Pebble/lib/libpebble.a(tmpHP0PEBpebble.o)
 .text.persist_write_data
                0x0000000000000000        0xc /Users/povol/pebble-dev/PebbleSDK-2.0.0/Pebble/lib/libpebble.a(tmpHP0PEBpebble.o)
 .text.dict_size
                0x0000000000000000        0xc /Users/povol/pebble-dev/PebbleSDK-2.0.0/Pebble/lib/libpebble.a(tmpHP0PEBpebble.o)
 .text.graphics_text_layout_get_content_size
                0x0000000000000000        0xc /Users/povol/pebble-dev/PebbleSDK-2.0.0/Pebble/lib/libpebble.a(tmpHP0PEBpebble.o)
 .text.simple_menu_layer_get_menu_layer
                0x0000000000000000        0xc /Users/povol/pebble-dev/PebbleSDK-2.0.0/Pebble/lib/libpebble.a(tmpHP0PEBpebble.o)
 .text.accel_data_service_subscribe
                0x0000000000000000        0xc /Users/povol/pebble-dev/PebbleSDK-2.0.0/Pebble/lib/libpebble.a(tmpHP0PEBpebble.o)
 .text.calloc   0x0000000000000000        0xc /Users/povol/pebble-dev/PebbleSDK-2.0.0/Pebble/lib/libpebble.a(tmpHP0PEBpebble.o)
 .text.bitmap_layer_get_bitmap
                0x0000000000000000        0xc /Users/povol/pebble-dev/PebbleSDK-2.0.0/Pebble/lib/libpebble.a(tmpHP0PEBpebble.o)
 .text          0x0000000000000000        0x0 /Users/povol/pebble-dev/PebbleSDK-2.0.0/arm-cs-tools/bin/../lib/gcc/arm-none-eabi/4.7.2/thumb2/crtend.o
 .bss           0x0000000000000000        0x0 /Users/povol/pebble-dev/PebbleSDK-2.0.0/arm-cs-tools/bin/../lib/gcc/arm-none-eabi/4.7.2/thumb2/crtend.o
 .eh_frame      0x0000000000000000        0x4 /Users/povol/pebble-dev/PebbleSDK-2.0.0/arm-cs-tools/bin/../lib/gcc/arm-none-eabi/4.7.2/thumb2/crtend.o
 .jcr           0x0000000000000000        0x4 /Users/povol/pebble-dev/PebbleSDK-2.0.0/arm-cs-tools/bin/../lib/gcc/arm-none-eabi/4.7.2/thumb2/crtend.o
 .tm_clone_table
                0x0000000000000000        0x0 /Users/povol/pebble-dev/PebbleSDK-2.0.0/arm-cs-tools/bin/../lib/gcc/arm-none-eabi/4.7.2/thumb2/crtend.o
 .text          0x0000000000000000        0x0 /Users/povol/pebble-dev/PebbleSDK-2.0.0/arm-cs-tools/bin/../lib/gcc/arm-none-eabi/4.7.2/thumb2/crtn.o
 .bss           0x0000000000000000        0x0 /Users/povol/pebble-dev/PebbleSDK-2.0.0/arm-cs-tools/bin/../lib/gcc/arm-none-eabi/4.7.2/thumb2/crtn.o
 .init          0x0000000000000000        0x8 /Users/povol/pebble-dev/PebbleSDK-2.0.0/arm-cs-tools/bin/../lib/gcc/arm-none-eabi/4.7.2/thumb2/crtn.o
 .fini          0x0000000000000000        0x8 /Users/povol/pebble-dev/PebbleSDK-2.0.0/arm-cs-tools/bin/../lib/gcc/arm-none-eabi/4.7.2/thumb2/crtn.o

Memory Configuration

Name             Origin             Length             Attributes
APP              0x0000000000000000 0x0000000000006000 xrw
*default*        0x0000000000000000 0xffffffffffffffff

Linker script and memory map

LOAD /Users/povol/pebble-dev/PebbleSDK-2.0.0/arm-cs-tools/bin/../lib/gcc/arm-none-eabi/4.7.2/thumb2/crti.o
LOAD /Users/povol/pebble-dev/PebbleSDK-2.0.0/arm-cs-tools/bin/../lib/gcc/arm-none-eabi/4.7.2/thumb2/crtbegin.o
LOAD src/lylunar.c.25.o
LOAD src/simplicity.c.25.o
LOAD appinfo.auto.c.25.o
LOAD /Users/povol/pebble-dev/PebbleSDK-2.0.0/Pebble/lib/libpebble.a
START GROUP
LOAD /Users/povol/pebble-dev/PebbleSDK-2.0.0/arm-cs-tools/bin/../lib/gcc/arm-none-eabi/4.7.2/thumb2/libgcc.a
LOAD /Users/povol/pebble-dev/PebbleSDK-2.0.0/arm-cs-tools/bin/../lib/gcc/arm-none-eabi/4.7.2/../../../../arm-none-eabi/lib/thumb2/libc.a
END GROUP
LOAD /Users/povol/pebble-dev/PebbleSDK-2.0.0/arm-cs-tools/bin/../lib/gcc/arm-none-eabi/4.7.2/thumb2/crtend.o
LOAD /Users/povol/pebble-dev/PebbleSDK-2.0.0/arm-cs-tools/bin/../lib/gcc/arm-none-eabi/4.7.2/thumb2/crtn.o

.header         0x0000000000000000       0x82
 *(.pbl_header)
 .pbl_header    0x0000000000000000       0x82 appinfo.auto.c.25.o
                0x0000000000000000                __pbl_app_info

.text           0x0000000000000084      0xf1f
 *(.text)
 .text          0x0000000000000084       0x14 /Users/povol/pebble-dev/PebbleSDK-2.0.0/Pebble/lib/libpebble.a(tmpHP0PEBpebble.o)
 *(.text.*)
 .text.Solar2Day1
                0x0000000000000098       0x74 src/lylunar.c.25.o
                0x0000000000000098                Solar2Day1
 .text.Solar2Day
                0x000000000000010c       0x18 src/lylunar.c.25.o
                0x000000000000010c                Solar2Day
 .text.make_yday
                0x0000000000000124       0x8c src/lylunar.c.25.o
                0x0000000000000124                make_yday
 .text.make_mday
                0x00000000000001b0       0x80 src/lylunar.c.25.o
                0x00000000000001b0                make_mday
 .text.Day2Lunar
                0x0000000000000230       0xa4 src/lylunar.c.25.o
                0x0000000000000230                Day2Lunar
 .text.Solar2Lunar
                0x00000000000002d4       0x1a src/lylunar.c.25.o
                0x00000000000002d4                Solar2Lunar
 *fill*         0x00000000000002ee        0x2 
 .text.battery_layer_update_callback
                0x00000000000002f0       0xe4 src/simplicity.c.25.o
 .text.line_layer_update_callback
                0x00000000000003d4       0x28 src/simplicity.c.25.o
 .text.handle_bluetooth
                0x00000000000003fc       0x1c src/simplicity.c.25.o
 .text.handle_battery
                0x0000000000000418       0x80 src/simplicity.c.25.o
 .text.handle_appfocus
                0x0000000000000498       0x12 src/simplicity.c.25.o
                0x0000000000000498                handle_appfocus
 *fill*         0x00000000000004aa        0x2 
 .text.CDateDisplayZh
                0x00000000000004ac      0x150 src/simplicity.c.25.o
                0x00000000000004ac                CDateDisplayZh
 .text.handle_data_tick
                0x00000000000005fc       0xcc src/simplicity.c.25.o
                0x00000000000005fc                handle_data_tick
 .text.handle_minute_tick
                0x00000000000006c8       0xbc src/simplicity.c.25.o
 .text.handle_deinit
                0x0000000000000784       0x18 src/simplicity.c.25.o
                0x0000000000000784                handle_deinit
 .text.startup.main
                0x000000000000079c      0x2dc src/simplicity.c.25.o
                0x000000000000079c                main
 .text.app_event_loop
                0x0000000000000a78        0xc /Users/povol/pebble-dev/PebbleSDK-2.0.0/Pebble/lib/libpebble.a(tmpHP0PEBpebble.o)
                0x0000000000000a78                app_event_loop
 .text.battery_state_service_peek
                0x0000000000000a84        0xc /Users/povol/pebble-dev/PebbleSDK-2.0.0/Pebble/lib/libpebble.a(tmpHP0PEBpebble.o)
                0x0000000000000a84                battery_state_service_peek
 .text.battery_state_service_subscribe
                0x0000000000000a90        0xc /Users/povol/pebble-dev/PebbleSDK-2.0.0/Pebble/lib/libpebble.a(tmpHP0PEBpebble.o)
                0x0000000000000a90                battery_state_service_subscribe
 .text.bitmap_layer_create
                0x0000000000000a9c        0xc /Users/povol/pebble-dev/PebbleSDK-2.0.0/Pebble/lib/libpebble.a(tmpHP0PEBpebble.o)
                0x0000000000000a9c                bitmap_layer_create
 .text.bitmap_layer_get_layer
                0x0000000000000aa8        0xc /Users/povol/pebble-dev/PebbleSDK-2.0.0/Pebble/lib/libpebble.a(tmpHP0PEBpebble.o)
                0x0000000000000aa8                bitmap_layer_get_layer
 .text.bitmap_layer_set_bitmap
                0x0000000000000ab4        0xc /Users/povol/pebble-dev/PebbleSDK-2.0.0/Pebble/lib/libpebble.a(tmpHP0PEBpebble.o)
                0x0000000000000ab4                bitmap_layer_set_bitmap
 .text.bluetooth_connection_service_peek
                0x0000000000000ac0        0xc /Users/povol/pebble-dev/PebbleSDK-2.0.0/Pebble/lib/libpebble.a(tmpHP0PEBpebble.o)
                0x0000000000000ac0                bluetooth_connection_service_peek
 .text.bluetooth_connection_service_subscribe
                0x0000000000000acc        0xc /Users/povol/pebble-dev/PebbleSDK-2.0.0/Pebble/lib/libpebble.a(tmpHP0PEBpebble.o)
                0x0000000000000acc                bluetooth_connection_service_subscribe
 .text.clock_is_24h_style
                0x0000000000000ad8        0xc /Users/povol/pebble-dev/PebbleSDK-2.0.0/Pebble/lib/libpebble.a(tmpHP0PEBpebble.o)
                0x0000000000000ad8                clock_is_24h_style
 .text.fonts_get_system_font
                0x0000000000000ae4        0xc /Users/povol/pebble-dev/PebbleSDK-2.0.0/Pebble/lib/libpebble.a(tmpHP0PEBpebble.o)
                0x0000000000000ae4                fonts_get_system_font
 .text.fonts_load_custom_font
                0x0000000000000af0        0xc /Users/povol/pebble-dev/PebbleSDK-2.0.0/Pebble/lib/libpebble.a(tmpHP0PEBpebble.o)
                0x0000000000000af0                fonts_load_custom_font
 .text.gbitmap_create_with_resource
                0x0000000000000afc        0xc /Users/povol/pebble-dev/PebbleSDK-2.0.0/Pebble/lib/libpebble.a(tmpHP0PEBpebble.o)
                0x0000000000000afc                gbitmap_create_with_resource
 .text.gbitmap_destroy
                0x0000000000000b08        0xc /Users/povol/pebble-dev/PebbleSDK-2.0.0/Pebble/lib/libpebble.a(tmpHP0PEBpebble.o)
                0x0000000000000b08                gbitmap_destroy
 .text.graphics_context_set_fill_color
                0x0000000000000b14        0xc /Users/povol/pebble-dev/PebbleSDK-2.0.0/Pebble/lib/libpebble.a(tmpHP0PEBpebble.o)
                0x0000000000000b14                graphics_context_set_fill_color
 .text.graphics_context_set_stroke_color
                0x0000000000000b20        0xc /Users/povol/pebble-dev/PebbleSDK-2.0.0/Pebble/lib/libpebble.a(tmpHP0PEBpebble.o)
                0x0000000000000b20                graphics_context_set_stroke_color
 .text.graphics_draw_line
                0x0000000000000b2c        0xc /Users/povol/pebble-dev/PebbleSDK-2.0.0/Pebble/lib/libpebble.a(tmpHP0PEBpebble.o)
                0x0000000000000b2c                graphics_draw_line
 .text.graphics_draw_rect
                0x0000000000000b38        0xc /Users/povol/pebble-dev/PebbleSDK-2.0.0/Pebble/lib/libpebble.a(tmpHP0PEBpebble.o)
                0x0000000000000b38                graphics_draw_rect
 .text.graphics_fill_rect
                0x0000000000000b44        0xc /Users/povol/pebble-dev/PebbleSDK-2.0.0/Pebble/lib/libpebble.a(tmpHP0PEBpebble.o)
                0x0000000000000b44                graphics_fill_rect
 .text.layer_add_child
                0x0000000000000b50        0xc /Users/povol/pebble-dev/PebbleSDK-2.0.0/Pebble/lib/libpebble.a(tmpHP0PEBpebble.o)
                0x0000000000000b50                layer_add_child
 .text.layer_create
                0x0000000000000b5c        0xc /Users/povol/pebble-dev/PebbleSDK-2.0.0/Pebble/lib/libpebble.a(tmpHP0PEBpebble.o)
                0x0000000000000b5c                layer_create
 .text.layer_get_bounds
                0x0000000000000b68        0xc /Users/povol/pebble-dev/PebbleSDK-2.0.0/Pebble/lib/libpebble.a(tmpHP0PEBpebble.o)
                0x0000000000000b68                layer_get_bounds
 .text.layer_mark_dirty
                0x0000000000000b74        0xc /Users/povol/pebble-dev/PebbleSDK-2.0.0/Pebble/lib/libpebble.a(tmpHP0PEBpebble.o)
                0x0000000000000b74                layer_mark_dirty
 .text.layer_set_update_proc
                0x0000000000000b80        0xc /Users/povol/pebble-dev/PebbleSDK-2.0.0/Pebble/lib/libpebble.a(tmpHP0PEBpebble.o)
                0x0000000000000b80                layer_set_update_proc
 .text.localtime
                0x0000000000000b8c        0xc /Users/povol/pebble-dev/PebbleSDK-2.0.0/Pebble/lib/libpebble.a(tmpHP0PEBpebble.o)
                0x0000000000000b8c                localtime
 .text.memmove  0x0000000000000b98        0xc /Users/povol/pebble-dev/PebbleSDK-2.0.0/Pebble/lib/libpebble.a(tmpHP0PEBpebble.o)
                0x0000000000000b98                memmove
 .text.resource_get_handle
                0x0000000000000ba4        0xc /Users/povol/pebble-dev/PebbleSDK-2.0.0/Pebble/lib/libpebble.a(tmpHP0PEBpebble.o)
                0x0000000000000ba4                resource_get_handle
 .text.snprintf
                0x0000000000000bb0        0xc /Users/povol/pebble-dev/PebbleSDK-2.0.0/Pebble/lib/libpebble.a(tmpHP0PEBpebble.o)
                0x0000000000000bb0                snprintf
 .text.strftime
                0x0000000000000bbc        0xc /Users/povol/pebble-dev/PebbleSDK-2.0.0/Pebble/lib/libpebble.a(tmpHP0PEBpebble.o)
                0x0000000000000bbc                strftime
 .text.text_layer_create
                0x0000000000000bc8        0xc /Users/povol/pebble-dev/PebbleSDK-2.0.0/Pebble/lib/libpebble.a(tmpHP0PEBpebble.o)
                0x0000000000000bc8                text_layer_create
 .text.text_layer_get_layer
                0x0000000000000bd4        0xc /Users/povol/pebble-dev/PebbleSDK-2.0.0/Pebble/lib/libpebble.a(tmpHP0PEBpebble.o)
                0x0000000000000bd4                text_layer_get_layer
 .text.text_layer_set_background_color
                0x0000000000000be0        0xc /Users/povol/pebble-dev/PebbleSDK-2.0.0/Pebble/lib/libpebble.a(tmpHP0PEBpebble.o)
                0x0000000000000be0                text_layer_set_background_color
 .text.text_layer_set_font
                0x0000000000000bec        0xc /Users/povol/pebble-dev/PebbleSDK-2.0.0/Pebble/lib/libpebble.a(tmpHP0PEBpebble.o)
                0x0000000000000bec                text_layer_set_font
 .text.text_layer_set_text
                0x0000000000000bf8        0xc /Users/povol/pebble-dev/PebbleSDK-2.0.0/Pebble/lib/libpebble.a(tmpHP0PEBpebble.o)
                0x0000000000000bf8                text_layer_set_text
 .text.text_layer_set_text_color
                0x0000000000000c04        0xc /Users/povol/pebble-dev/PebbleSDK-2.0.0/Pebble/lib/libpebble.a(tmpHP0PEBpebble.o)
                0x0000000000000c04                text_layer_set_text_color
 .text.tick_timer_service_subscribe
                0x0000000000000c10        0xc /Users/povol/pebble-dev/PebbleSDK-2.0.0/Pebble/lib/libpebble.a(tmpHP0PEBpebble.o)
                0x0000000000000c10                tick_timer_service_subscribe
 .text.tick_timer_service_unsubscribe
                0x0000000000000c1c        0xc /Users/povol/pebble-dev/PebbleSDK-2.0.0/Pebble/lib/libpebble.a(tmpHP0PEBpebble.o)
                0x0000000000000c1c                tick_timer_service_unsubscribe
 .text.time     0x0000000000000c28        0xc /Users/povol/pebble-dev/PebbleSDK-2.0.0/Pebble/lib/libpebble.a(tmpHP0PEBpebble.o)
                0x0000000000000c28                time
 .text.window_create
                0x0000000000000c34        0xc /Users/povol/pebble-dev/PebbleSDK-2.0.0/Pebble/lib/libpebble.a(tmpHP0PEBpebble.o)
                0x0000000000000c34                window_create
 .text.window_get_root_layer
                0x0000000000000c40        0xc /Users/povol/pebble-dev/PebbleSDK-2.0.0/Pebble/lib/libpebble.a(tmpHP0PEBpebble.o)
                0x0000000000000c40                window_get_root_layer
 .text.window_set_background_color
                0x0000000000000c4c        0xc /Users/povol/pebble-dev/PebbleSDK-2.0.0/Pebble/lib/libpebble.a(tmpHP0PEBpebble.o)
                0x0000000000000c4c                window_set_background_color
 .text.window_stack_push
                0x0000000000000c58        0xc /Users/povol/pebble-dev/PebbleSDK-2.0.0/Pebble/lib/libpebble.a(tmpHP0PEBpebble.o)
                0x0000000000000c58                window_stack_push
 .text.app_focus_service_subscribe
                0x0000000000000c64        0xc /Users/povol/pebble-dev/PebbleSDK-2.0.0/Pebble/lib/libpebble.a(tmpHP0PEBpebble.o)
                0x0000000000000c64                app_focus_service_subscribe
 *(.rodata)
 .rodata        0x0000000000000c70       0x64 src/simplicity.c.25.o
 *(.rodata*)
 .rodata.yearInfo
                0x0000000000000cd4      0x258 src/lylunar.c.25.o
 .rodata.moon   0x0000000000000f2c        0x8 src/lylunar.c.25.o
 .rodata.daysInSolarMonth
                0x0000000000000f34       0x34 src/lylunar.c.25.o
 .rodata.str1.1
                0x0000000000000f68       0x3b src/simplicity.c.25.o

.glue_7         0x0000000000000fa4        0x0
 .glue_7        0x0000000000000000        0x0 linker stubs

.glue_7t        0x0000000000000fa4        0x0
 .glue_7t       0x0000000000000000        0x0 linker stubs

.vfp11_veneer   0x0000000000000fa4        0x0
 .vfp11_veneer  0x0000000000000000        0x0 linker stubs

.v4_bx          0x0000000000000fa4        0x0
 .v4_bx         0x0000000000000000        0x0 linker stubs

.iplt           0x0000000000000fa4        0x0
 .iplt          0x0000000000000000        0x0 /Users/povol/pebble-dev/PebbleSDK-2.0.0/arm-cs-tools/bin/../lib/gcc/arm-none-eabi/4.7.2/thumb2/crtbegin.o

.rel.dyn        0x0000000000000fa4        0x0
 .rel.iplt      0x0000000000000000        0x0 /Users/povol/pebble-dev/PebbleSDK-2.0.0/arm-cs-tools/bin/../lib/gcc/arm-none-eabi/4.7.2/thumb2/crtbegin.o
 .rel.got       0x0000000000000000        0x0 /Users/povol/pebble-dev/PebbleSDK-2.0.0/arm-cs-tools/bin/../lib/gcc/arm-none-eabi/4.7.2/thumb2/crtbegin.o

.data           0x0000000000000fa4       0x9d
 *(.data)
 .data          0x0000000000000fa4        0x0 /Users/povol/pebble-dev/PebbleSDK-2.0.0/arm-cs-tools/bin/../lib/gcc/arm-none-eabi/4.7.2/thumb2/crti.o
 .data          0x0000000000000fa4        0x4 /Users/povol/pebble-dev/PebbleSDK-2.0.0/arm-cs-tools/bin/../lib/gcc/arm-none-eabi/4.7.2/thumb2/crtbegin.o
                0x0000000000000fa4                __dso_handle
 .data          0x0000000000000fa8        0x0 src/lylunar.c.25.o
 .data          0x0000000000000fa8        0x0 src/simplicity.c.25.o
 .data          0x0000000000000fa8        0x0 appinfo.auto.c.25.o
 .data          0x0000000000000fa8        0x0 /Users/povol/pebble-dev/PebbleSDK-2.0.0/Pebble/lib/libpebble.a(tmpHP0PEBpebble.o)
 .data          0x0000000000000fa8        0x0 /Users/povol/pebble-dev/PebbleSDK-2.0.0/arm-cs-tools/bin/../lib/gcc/arm-none-eabi/4.7.2/thumb2/crtend.o
 .data          0x0000000000000fa8        0x0 /Users/povol/pebble-dev/PebbleSDK-2.0.0/arm-cs-tools/bin/../lib/gcc/arm-none-eabi/4.7.2/thumb2/crtn.o
 *(.data.*)
 .data.SolarFirstDate
                0x0000000000000fa8       0x18 src/lylunar.c.25.o
 .data.par.6494
                0x0000000000000fc0        0x3 src/simplicity.c.25.o
 .data.mon_zh.6491
                0x0000000000000fc3        0x4 src/simplicity.c.25.o
 .data.mon_n.6495
                0x0000000000000fc7        0x3 src/simplicity.c.25.o
 *fill*         0x0000000000000fca        0x2 
 .data.rel.ro.local.ZhTen.6479
                0x0000000000000fcc        0xc src/simplicity.c.25.o
 .data.time_text.6512
                0x0000000000000fd8        0x6 src/simplicity.c.25.o
 .data.ZhDigit2.6476
                0x0000000000000fde        0xc src/simplicity.c.25.o
 .data.ZhMonth.6478
                0x0000000000000fea        0x4 src/simplicity.c.25.o
 .data.battery_text.6525
                0x0000000000000fee        0x5 src/simplicity.c.25.o
 .data.sec_text.6515
                0x0000000000000ff3        0x3 src/simplicity.c.25.o
 .data.ZhDigit.6475
                0x0000000000000ff6       0x28 src/simplicity.c.25.o
 .data.wday_zh.6493
                0x000000000000101e       0x16 src/simplicity.c.25.o
 .data.day_zh.6492
                0x0000000000001034        0x4 src/simplicity.c.25.o
 .data.day_n.6497
                0x0000000000001038        0x3 src/simplicity.c.25.o
 .data.wday_n.6501
                0x000000000000103b        0x2 src/simplicity.c.25.o
 .data.ZhLeap.6477
                0x000000000000103d        0x4 src/simplicity.c.25.o

.igot.plt       0x0000000000001044        0x0
 .igot.plt      0x0000000000000000        0x0 /Users/povol/pebble-dev/PebbleSDK-2.0.0/arm-cs-tools/bin/../lib/gcc/arm-none-eabi/4.7.2/thumb2/crtbegin.o

.got            0x0000000000001044        0xc
 .got           0x0000000000001044        0xc /Users/povol/pebble-dev/PebbleSDK-2.0.0/arm-cs-tools/bin/../lib/gcc/arm-none-eabi/4.7.2/thumb2/crtbegin.o

.got.plt        0x0000000000001050        0xc
 .got.plt       0x0000000000001050        0xc /Users/povol/pebble-dev/PebbleSDK-2.0.0/arm-cs-tools/bin/../lib/gcc/arm-none-eabi/4.7.2/thumb2/crtbegin.o
                0x0000000000001050                _GLOBAL_OFFSET_TABLE_

.bss            0x000000000000105c      0x534
 *(.bss)
 *(.bss.*)
 .bss.text_time_layer
                0x000000000000105c        0x4 src/simplicity.c.25.o
 .bss.battery_count
                0x0000000000001060        0x4 src/simplicity.c.25.o
 .bss.battery_layer
                0x0000000000001064        0x4 src/simplicity.c.25.o
 .bss.text_sec_layer
                0x0000000000001068        0x4 src/simplicity.c.25.o
 .bss.text_battery_layer
                0x000000000000106c        0x4 src/simplicity.c.25.o
 .bss.ext_date_layer
                0x0000000000001070        0x4 src/simplicity.c.25.o
 .bss.window    0x0000000000001074        0x4 src/simplicity.c.25.o
 .bss.line_layer
                0x0000000000001078        0x4 src/simplicity.c.25.o
 .bss.text_nldate_layer
                0x000000000000107c        0x4 src/simplicity.c.25.o
 .bss.icon_bt   0x0000000000001080        0x4 src/simplicity.c.25.o
 .bss.zdata.6490
                0x0000000000001084       0x1e src/simplicity.c.25.o
 *fill*         0x00000000000010a2        0x2 
 .bss.btimap_bt_layer
                0x00000000000010a4        0x4 src/simplicity.c.25.o
 COMMON         0x00000000000010a8      0x4e8 src/lylunar.c.25.o
                0x00000000000010a8                mday
                0x00000000000010e0                ymonth
                0x0000000000001338                yday

DISCARD
 libc.a(*)
 libm.a(*)
 libgcc.a(*)
 *(.eh_frame)
OUTPUT(/Users/povol/pebble-dev/simplechinese/build/pebble-app.elf elf32-littlearm)

.ARM.attributes
                0x0000000000000000       0x27
 .ARM.attributes
                0x0000000000000000       0x19 /Users/povol/pebble-dev/PebbleSDK-2.0.0/arm-cs-tools/bin/../lib/gcc/arm-none-eabi/4.7.2/thumb2/crti.o
 .ARM.attributes
                0x0000000000000019       0x29 /Users/povol/pebble-dev/PebbleSDK-2.0.0/arm-cs-tools/bin/../lib/gcc/arm-none-eabi/4.7.2/thumb2/crtbegin.o
 .ARM.attributes
                0x0000000000000042       0x33 src/lylunar.c.25.o
 .ARM.attributes
                0x0000000000000075       0x33 src/simplicity.c.25.o
 .ARM.attributes
                0x00000000000000a8       0x33 appinfo.auto.c.25.o
 .ARM.attributes
                0x00000000000000db       0x21 /Users/povol/pebble-dev/PebbleSDK-2.0.0/Pebble/lib/libpebble.a(tmpHP0PEBpebble.o)
 .ARM.attributes
                0x00000000000000fc       0x29 /Users/povol/pebble-dev/PebbleSDK-2.0.0/arm-cs-tools/bin/../lib/gcc/arm-none-eabi/4.7.2/thumb2/crtend.o
 .ARM.attributes
                0x0000000000000125       0x19 /Users/povol/pebble-dev/PebbleSDK-2.0.0/arm-cs-tools/bin/../lib/gcc/arm-none-eabi/4.7.2/thumb2/crtn.o

.comment        0x0000000000000000       0x4e
 .comment       0x0000000000000000       0x4e /Users/povol/pebble-dev/PebbleSDK-2.0.0/arm-cs-tools/bin/../lib/gcc/arm-none-eabi/4.7.2/thumb2/crtbegin.o
                                         0x4f (size before relaxing)
 .comment       0x0000000000000000       0x4f src/lylunar.c.25.o
 .comment       0x0000000000000000       0x4f src/simplicity.c.25.o
 .comment       0x0000000000000000       0x4f appinfo.auto.c.25.o
 .comment       0x0000000000000000       0x4f /Users/povol/pebble-dev/PebbleSDK-2.0.0/arm-cs-tools/bin/../lib/gcc/arm-none-eabi/4.7.2/thumb2/crtend.o

.debug_info     0x0000000000000000     0x1f2d
 .debug_info    0x0000000000000000      0x452 src/lylunar.c.25.o
 .debug_info    0x0000000000000452     0x1726 src/simplicity.c.25.o
 .debug_info    0x0000000000001b78      0x3b5 appinfo.auto.c.25.o

.debug_abbrev   0x0000000000000000      0x6ac
 .debug_abbrev  0x0000000000000000      0x1d5 src/lylunar.c.25.o
 .debug_abbrev  0x00000000000001d5      0x42c src/simplicity.c.25.o
 .debug_abbrev  0x0000000000000601       0xab appinfo.auto.c.25.o

.debug_loc      0x0000000000000000      0xaa0
 .debug_loc     0x0000000000000000      0x406 src/lylunar.c.25.o
 .debug_loc     0x0000000000000406      0x69a src/simplicity.c.25.o

.debug_aranges  0x0000000000000000       0xd8
 .debug_aranges
                0x0000000000000000       0x58 src/lylunar.c.25.o
 .debug_aranges
                0x0000000000000058       0x68 src/simplicity.c.25.o
 .debug_aranges
                0x00000000000000c0       0x18 appinfo.auto.c.25.o

.debug_ranges   0x0000000000000000      0x118
 .debug_ranges  0x0000000000000000       0x48 src/lylunar.c.25.o
 .debug_ranges  0x0000000000000048       0xd0 src/simplicity.c.25.o

.debug_line     0x0000000000000000      0x720
 .debug_line    0x0000000000000000      0x1d6 src/lylunar.c.25.o
 .debug_line    0x00000000000001d6      0x42e src/simplicity.c.25.o
 .debug_line    0x0000000000000604      0x11c appinfo.auto.c.25.o

.debug_str      0x0000000000000000      0xe1b
 .debug_str     0x0000000000000000      0x12a src/lylunar.c.25.o
                                        0x157 (size before relaxing)
 .debug_str     0x000000000000012a      0xb20 src/simplicity.c.25.o
                                        0xc27 (size before relaxing)
 .debug_str     0x0000000000000c4a      0x1d1 appinfo.auto.c.25.o
                                        0x517 (size before relaxing)

.debug_frame    0x0000000000000000      0x214
 .debug_frame   0x0000000000000000       0xdc src/lylunar.c.25.o
 .debug_frame   0x00000000000000dc      0x138 src/simplicity.c.25.o
